// Jest Snapshot v1, https://goo.gl/fbAQLP

exports[`Test on <App /> should match with the snapshot 1`] = `
<div>
  <h1
    data-testid="test-title"
  >
    Hola
  </h1>
  <p>
    No subtitle
  </p>
  <p>
    No subtitle
  </p>
  <p>
    First App
  </p>
</div>
`;
